Copyright 1986-2022 Xilinx, Inc. All Rights Reserved. Copyright 2022-2024 Advanced Micro Devices, Inc. All Rights Reserved.
-----------------------------------------------------------------------------------------------------------------------------------------------------------------------------------------------------------------------------
| Tool Version      : Vivado v.2024.2 (lin64) Build 5239630 Fri Nov 08 22:34:34 MST 2024
| Date              : Sun Mar 29 08:52:38 2026
| Host              : dragonlord-Legion-5-15ARH7H running 64-bit Ubuntu 24.04.4 LTS
| Command           : report_bus_skew -warn_on_violation -file EEG_Signal_Processing_wrapper_bus_skew_routed.rpt -pb EEG_Signal_Processing_wrapper_bus_skew_routed.pb -rpx EEG_Signal_Processing_wrapper_bus_skew_routed.rpx
| Design            : EEG_Signal_Processing_wrapper
| Device            : xck24-ubva530
| Speed File        : -2LV  PRODUCTION 1.30 05-15-2022
| Design State      : Routed
| Temperature Grade : C
-----------------------------------------------------------------------------------------------------------------------------------------------------------------------------------------------------------------------------

Bus Skew Report

No bus skew constraints

